mysql> show create table temas;
+-------+--------------------------------------------------------------------------------------------------------------------------------------------------------------------------------------------------------------------------------------------------------------------------------------------------------------------------------------------------------------------------------+
| Table | Create Table                                                                                                                                                                                                                                                                                                                                                                   |
+-------+--------------------------------------------------------------------------------------------------------------------------------------------------------------------------------------------------------------------------------------------------------------------------------------------------------------------------------------------------------------------------------+
| temas | CREATE TABLE `temas` (
  `idTema` int(11) NOT NULL,
  `nombre` varchar(255) COLLATE utf8_spanish_ci NOT NULL,
  `idUsuario` int(11) NOT NULL,
  PRIMARY KEY (`idTema`),
  UNIQUE KEY `idUsuario_UNIQUE` (`idUsuario`),
  CONSTRAINT `idUsuarioTema` FOREIGN KEY (`idUsuario`) REFERENCES `usuarios` (`idUsuario`)
) ENGINE=InnoDB DEFAULT CHARSET=utf8 COLLATE=utf8_spanish_ci |
+-------+--------------------------------------------------------------------------------------------------------------------------------------------------------------------------------------------------------------------------------------------------------------------------------------------------------------------------------------------------------------------------------+
1 row in set

mysql> show create table usuarios;
+----------+----------------------------------------------------------------------------------------------------------------------------------------------------------------------------------------------------------------------------------------------------------------------------------------------------------------------------------------------------------------------------------------------------------------------------------------------------------------------------------------------------------------------------------------------------------------------------------------------------------------------------------------------------------------------------------------------------------------------------------------------------------------------------------------------------------------------------------------------------------------------------------------------------------------------------------------------------------------------------------------------------------------------------------------------------------------------------------------------------------------------------------------------------------------------------------------------------------------------------------------------------------------------------------------------------------------------------------------------------------------------------------------------------------------------------------------------------------------------------------------------------------------------------------------------------------------------------------------------------------------------------------------------------------------------------------------------------------------------------+
| Table    | Create Table                                                                                                                                                                                                                                                                                                                                                                                                                                                                                                                                                                                                                                                                                                                                                                                                                                                                                                                                                                                                                                                                                                                                                                                                                                                                                                                                                                                                                                                                                                                                                                                                                                                                                                               |
+----------+----------------------------------------------------------------------------------------------------------------------------------------------------------------------------------------------------------------------------------------------------------------------------------------------------------------------------------------------------------------------------------------------------------------------------------------------------------------------------------------------------------------------------------------------------------------------------------------------------------------------------------------------------------------------------------------------------------------------------------------------------------------------------------------------------------------------------------------------------------------------------------------------------------------------------------------------------------------------------------------------------------------------------------------------------------------------------------------------------------------------------------------------------------------------------------------------------------------------------------------------------------------------------------------------------------------------------------------------------------------------------------------------------------------------------------------------------------------------------------------------------------------------------------------------------------------------------------------------------------------------------------------------------------------------------------------------------------------------------+
| usuarios | CREATE TABLE `usuarios` (
  `idUsuario` int(11) NOT NULL,
  `nick` varchar(45) COLLATE utf8_spanish_ci NOT NULL,
  `nombre` varchar(20) COLLATE utf8_spanish_ci NOT NULL,
  `apellidos` varchar(40) COLLATE utf8_spanish_ci NOT NULL,
  `sexo` enum('mujer','hombre','maquina') COLLATE utf8_spanish_ci NOT NULL DEFAULT 'maquina',
  `email` varchar(255) COLLATE utf8_spanish_ci NOT NULL,
  `telefono` varchar(25) COLLATE utf8_spanish_ci NOT NULL,
  `contrase√±a` varchar(15) COLLATE utf8_spanish_ci NOT NULL,
  `cct` varchar(255) COLLATE utf8_spanish_ci NOT NULL,
  `idEntidad` int(11) NOT NULL,
  `idMunicipio` int(11) NOT NULL,
  `idLocalidad` int(11) NOT NULL,
  `idNodo` int(11) NOT NULL,
  `idTurno` int(11) NOT NULL,
  PRIMARY KEY (`idUsuario`),
  KEY `idEntidadUsuarios` (`idEntidad`),
  KEY `idMunicipioUsuarios` (`idMunicipio`),
  KEY `idLocalidadUsuarios` (`idLocalidad`),
  KEY `idNodoUsuarios` (`idNodo`),
  KEY `idTurnoUsuarios` (`idTurno`),
  CONSTRAINT `idEntidadUsuarios` FOREIGN KEY (`idEntidad`) REFERENCES `entidades` (`idEntidad`) ON DELETE NO ACTION ON UPDATE NO ACTION,
  CONSTRAINT `idMunicipioUsuarios` FOREIGN KEY (`idMunicipio`) REFERENCES `municipios` (`idMunicipios`) ON DELETE NO ACTION ON UPDATE NO ACTION,
  CONSTRAINT `idLocalidadUsuarios` FOREIGN KEY (`idLocalidad`) REFERENCES `localidades` (`idLocalidad`) ON DELETE NO ACTION ON UPDATE NO ACTION,
  CONSTRAINT `idNodoUsuarios` FOREIGN KEY (`idNodo`) REFERENCES `nodos` (`idNodo`) ON DELETE NO ACTION ON UPDATE NO ACTION,
  CONSTRAINT `idTurnoUsuarios` FOREIGN KEY (`idTurno`) REFERENCES `turno` (`idTurno`) ON DELETE NO ACTION ON UPDATE NO ACTION
) ENGINE=InnoDB DEFAULT CHARSET=utf8 COLLATE=utf8_spanish_ci |
+----------+----------------------------------------------------------------------------------------------------------------------------------------------------------------------------------------------------------------------------------------------------------------------------------------------------------------------------------------------------------------------------------------------------------------------------------------------------------------------------------------------------------------------------------------------------------------------------------------------------------------------------------------------------------------------------------------------------------------------------------------------------------------------------------------------------------------------------------------------------------------------------------------------------------------------------------------------------------------------------------------------------------------------------------------------------------------------------------------------------------------------------------------------------------------------------------------------------------------------------------------------------------------------------------------------------------------------------------------------------------------------------------------------------------------------------------------------------------------------------------------------------------------------------------------------------------------------------------------------------------------------------------------------------------------------------------------------------------------------------+
1 row in set

mysql> show create table temas;
+-------+--------------------------------------------------------------------------------------------------------------------------------------------------------------------------------------------------------------------------------------------------------------------------------------------------------------------------------------------------------------------------------+
| Table | Create Table                                                                                                                                                                                                                                                                                                                                                                   |
+-------+--------------------------------------------------------------------------------------------------------------------------------------------------------------------------------------------------------------------------------------------------------------------------------------------------------------------------------------------------------------------------------+
| temas | CREATE TABLE `temas` (
  `idTema` int(11) NOT NULL,
  `nombre` varchar(255) COLLATE utf8_spanish_ci NOT NULL,
  `idUsuario` int(11) NOT NULL,
  PRIMARY KEY (`idTema`),
  UNIQUE KEY `idUsuario_UNIQUE` (`idUsuario`),
  CONSTRAINT `idUsuarioTema` FOREIGN KEY (`idUsuario`) REFERENCES `usuarios` (`idUsuario`)
) ENGINE=InnoDB DEFAULT CHARSET=utf8 COLLATE=utf8_spanish_ci |
+-------+--------------------------------------------------------------------------------------------------------------------------------------------------------------------------------------------------------------------------------------------------------------------------------------------------------------------------------------------------------------------------------+
1 row in set

mysql> alter table temas add constrain 'idUsuarioTema' foreign key (idUsuario) references idUsuario (idUsuario);
1064 - You have an error in your SQL syntax; check the manual that corresponds to your MySQL server version for the right syntax to use near ''idUsuarioTema' foreign key (idUsuario) references idUsuario (idUsuario)' at line 1
mysql> alter table temas drop index `idUsuario_UNIQUE`
    -> ;
1553 - Cannot drop index 'idUsuario_UNIQUE': needed in a foreign key constraint

mysql> show index from temas;
+-------+------------+------------------+--------------+-------------+-----------+-------------+----------+--------+------+------------+---------+---------------+
| Table | Non_unique | Key_name         | Seq_in_index | Column_name | Collation | Cardinality | Sub_part | Packed | Null | Index_type | Comment | Index_comment |
+-------+------------+------------------+--------------+-------------+-----------+-------------+----------+--------+------+------------+---------+---------------+
| temas |          0 | PRIMARY          |            1 | idTema      | A         |          12 | NULL     | NULL   |      | BTREE      |         |               |
| temas |          0 | idUsuario_UNIQUE |            1 | idUsuario   | A         |          12 | NULL     | NULL   |      | BTREE      |         |               |
+-------+------------+------------------+--------------+-------------+-----------+-------------+----------+--------+------+------------+---------+---------------+
